// Jest Snapshot v1, https://goo.gl/fbAQLP

exports[`App Testing Renders with no crashing and matches snapshot 1`] = `""`;
